Simulator report for AJ
Thu Jan 30 17:48:18 2014
Quartus II 64-Bit Version 13.0.0 Build 156 04/24/2013 SJ Web Edition


---------------------
; Table of Contents ;
---------------------
  1. Legal Notice
  2. Simulator Summary
  3. Simulator Settings
  4. Simulation Waveforms
  5. Coverage Summary
  6. Complete 1/0-Value Coverage
  7. Missing 1-Value Coverage
  8. Missing 0-Value Coverage
  9. Simulator INI Usage
 10. Simulator Messages



----------------
; Legal Notice ;
----------------
Copyright (C) 1991-2013 Altera Corporation
Your use of Altera Corporation's design tools, logic functions 
and other software and tools, and its AMPP partner logic 
functions, and any output files from any of the foregoing 
(including device programming or simulation files), and any 
associated documentation or information are expressly subject 
to the terms and conditions of the Altera Program License 
Subscription Agreement, Altera MegaCore Function License 
Agreement, or other applicable license agreement, including, 
without limitation, that your use is for the sole purpose of 
programming logic devices manufactured by Altera and sold by 
Altera or its authorized distributors.  Please refer to the 
applicable agreement for further details.



+--------------------------------------------+
; Simulator Summary                          ;
+-----------------------------+--------------+
; Type                        ; Value        ;
+-----------------------------+--------------+
; Simulation Start Time       ; 0 ps         ;
; Simulation End Time         ; 1.0 us       ;
; Simulation Netlist Size     ; 841 nodes    ;
; Simulation Coverage         ;      38.41 % ;
; Total Number of Transitions ; 1310         ;
; Simulation Breakpoints      ; 0            ;
; Family                      ; Cyclone II   ;
+-----------------------------+--------------+


+-----------------------------------------------------------------------------------------------------------------------------------------------------+
; Simulator Settings                                                                                                                                  ;
+--------------------------------------------------------------------------------------------+----------------------------------------+---------------+
; Option                                                                                     ; Setting                                ; Default Value ;
+--------------------------------------------------------------------------------------------+----------------------------------------+---------------+
; Simulation mode                                                                            ; Functional                             ; Timing        ;
; Start time                                                                                 ; 0 ns                                   ; 0 ns          ;
; Simulation results format                                                                  ; VWF                                    ;               ;
; Vector input source                                                                        ; C:/altera/13.0/AJ/Sim3001-Ultimas2.vwf ;               ;
; Add pins automatically to simulation output waveforms                                      ; On                                     ; On            ;
; Check outputs                                                                              ; Off                                    ; Off           ;
; Report simulation coverage                                                                 ; On                                     ; On            ;
; Display complete 1/0 value coverage report                                                 ; On                                     ; On            ;
; Display missing 1-value coverage report                                                    ; On                                     ; On            ;
; Display missing 0-value coverage report                                                    ; On                                     ; On            ;
; Detect setup and hold time violations                                                      ; Off                                    ; Off           ;
; Detect glitches                                                                            ; Off                                    ; Off           ;
; Disable timing delays in Timing Simulation                                                 ; Off                                    ; Off           ;
; Generate Signal Activity File                                                              ; Off                                    ; Off           ;
; Generate VCD File for PowerPlay Power Analyzer                                             ; Off                                    ; Off           ;
; Group bus channels in simulation results                                                   ; Off                                    ; Off           ;
; Preserve fewer signal transitions to reduce memory requirements                            ; On                                     ; On            ;
; Trigger vector comparison with the specified mode                                          ; INPUT_EDGE                             ; INPUT_EDGE    ;
; Disable setup and hold time violations detection in input registers of bi-directional pins ; Off                                    ; Off           ;
; Overwrite Waveform Inputs With Simulation Outputs                                          ; Off                                    ;               ;
; Perform Glitch Filtering in Timing Simulation                                              ; Auto                                   ; Auto          ;
+--------------------------------------------------------------------------------------------+----------------------------------------+---------------+


+----------------------+
; Simulation Waveforms ;
+----------------------+
Waveform report data cannot be output to ASCII.
Please use Quartus II 64-Bit to view the waveform report data.


+--------------------------------------------------------------------+
; Coverage Summary                                                   ;
+-----------------------------------------------------+--------------+
; Type                                                ; Value        ;
+-----------------------------------------------------+--------------+
; Total coverage as a percentage                      ;      38.41 % ;
; Total nodes checked                                 ; 841          ;
; Total output ports checked                          ; 841          ;
; Total output ports with complete 1/0-value coverage ; 323          ;
; Total output ports with no 1/0-value coverage       ; 299          ;
; Total output ports with no 1-value coverage         ; 371          ;
; Total output ports with no 0-value coverage         ; 446          ;
+-----------------------------------------------------+--------------+


The following table displays output ports that toggle between 1 and 0 during simulation.
+-----------------------------------------------------+
; Complete 1/0-Value Coverage                         ;
+---------------+------------------+------------------+
; Node Name     ; Output Port Name ; Output Port Type ;
+---------------+------------------+------------------+
; |AJ|Z~9       ; |AJ|Z~9          ; out              ;
; |AJ|Z~10      ; |AJ|Z~10         ; out              ;
; |AJ|Z~11      ; |AJ|Z~11         ; out              ;
; |AJ|Z~20      ; |AJ|Z~20         ; out              ;
; |AJ|Z~21      ; |AJ|Z~21         ; out              ;
; |AJ|Z~23      ; |AJ|Z~23         ; out              ;
; |AJ|Z~24      ; |AJ|Z~24         ; out              ;
; |AJ|Z~28      ; |AJ|Z~28         ; out              ;
; |AJ|Z~29      ; |AJ|Z~29         ; out              ;
; |AJ|Z[5][0]   ; |AJ|Z[5][0]      ; regout           ;
; |AJ|Z[6][0]   ; |AJ|Z[6][0]      ; regout           ;
; |AJ|Z[7][0]   ; |AJ|Z[7][0]      ; regout           ;
; |AJ|Z[8][0]   ; |AJ|Z[8][0]      ; regout           ;
; |AJ|Z[9][0]   ; |AJ|Z[9][0]      ; regout           ;
; |AJ|Z[10][0]  ; |AJ|Z[10][0]     ; regout           ;
; |AJ|Z[11][0]  ; |AJ|Z[11][0]     ; regout           ;
; |AJ|Z[11][1]  ; |AJ|Z[11][1]     ; regout           ;
; |AJ|Z[11][2]  ; |AJ|Z[11][2]     ; regout           ;
; |AJ|Z[11][3]  ; |AJ|Z[11][3]     ; regout           ;
; |AJ|Z[11][4]  ; |AJ|Z[11][4]     ; regout           ;
; |AJ|Z[11][5]  ; |AJ|Z[11][5]     ; regout           ;
; |AJ|Z[11][6]  ; |AJ|Z[11][6]     ; regout           ;
; |AJ|Z[11][7]  ; |AJ|Z[11][7]     ; regout           ;
; |AJ|Z[11][8]  ; |AJ|Z[11][8]     ; regout           ;
; |AJ|Z[11][9]  ; |AJ|Z[11][9]     ; regout           ;
; |AJ|Z[11][10] ; |AJ|Z[11][10]    ; regout           ;
; |AJ|Z[11][11] ; |AJ|Z[11][11]    ; regout           ;
; |AJ|Z[11][12] ; |AJ|Z[11][12]    ; regout           ;
; |AJ|Z[11][13] ; |AJ|Z[11][13]    ; regout           ;
; |AJ|Z[11][14] ; |AJ|Z[11][14]    ; regout           ;
; |AJ|Z[10][1]  ; |AJ|Z[10][1]     ; regout           ;
; |AJ|Z[10][2]  ; |AJ|Z[10][2]     ; regout           ;
; |AJ|Z[10][3]  ; |AJ|Z[10][3]     ; regout           ;
; |AJ|Z[10][4]  ; |AJ|Z[10][4]     ; regout           ;
; |AJ|Z[10][5]  ; |AJ|Z[10][5]     ; regout           ;
; |AJ|Z[10][6]  ; |AJ|Z[10][6]     ; regout           ;
; |AJ|Z[10][7]  ; |AJ|Z[10][7]     ; regout           ;
; |AJ|Z[10][8]  ; |AJ|Z[10][8]     ; regout           ;
; |AJ|Z[10][9]  ; |AJ|Z[10][9]     ; regout           ;
; |AJ|Z[10][10] ; |AJ|Z[10][10]    ; regout           ;
; |AJ|Z[10][11] ; |AJ|Z[10][11]    ; regout           ;
; |AJ|Z[10][12] ; |AJ|Z[10][12]    ; regout           ;
; |AJ|Z[10][13] ; |AJ|Z[10][13]    ; regout           ;
; |AJ|Z[10][14] ; |AJ|Z[10][14]    ; regout           ;
; |AJ|Z[9][1]   ; |AJ|Z[9][1]      ; regout           ;
; |AJ|Z[9][2]   ; |AJ|Z[9][2]      ; regout           ;
; |AJ|Z[9][3]   ; |AJ|Z[9][3]      ; regout           ;
; |AJ|Z[9][4]   ; |AJ|Z[9][4]      ; regout           ;
; |AJ|Z[9][6]   ; |AJ|Z[9][6]      ; regout           ;
; |AJ|Z[9][7]   ; |AJ|Z[9][7]      ; regout           ;
; |AJ|Z[9][8]   ; |AJ|Z[9][8]      ; regout           ;
; |AJ|Z[9][9]   ; |AJ|Z[9][9]      ; regout           ;
; |AJ|Z[9][10]  ; |AJ|Z[9][10]     ; regout           ;
; |AJ|Z[9][11]  ; |AJ|Z[9][11]     ; regout           ;
; |AJ|Z[9][12]  ; |AJ|Z[9][12]     ; regout           ;
; |AJ|Z[9][13]  ; |AJ|Z[9][13]     ; regout           ;
; |AJ|Z[9][14]  ; |AJ|Z[9][14]     ; regout           ;
; |AJ|Z[8][1]   ; |AJ|Z[8][1]      ; regout           ;
; |AJ|Z[8][2]   ; |AJ|Z[8][2]      ; regout           ;
; |AJ|Z[8][3]   ; |AJ|Z[8][3]      ; regout           ;
; |AJ|Z[8][4]   ; |AJ|Z[8][4]      ; regout           ;
; |AJ|Z[8][6]   ; |AJ|Z[8][6]      ; regout           ;
; |AJ|Z[8][7]   ; |AJ|Z[8][7]      ; regout           ;
; |AJ|Z[8][8]   ; |AJ|Z[8][8]      ; regout           ;
; |AJ|Z[8][9]   ; |AJ|Z[8][9]      ; regout           ;
; |AJ|Z[8][10]  ; |AJ|Z[8][10]     ; regout           ;
; |AJ|Z[8][11]  ; |AJ|Z[8][11]     ; regout           ;
; |AJ|Z[8][12]  ; |AJ|Z[8][12]     ; regout           ;
; |AJ|Z[8][13]  ; |AJ|Z[8][13]     ; regout           ;
; |AJ|Z[8][14]  ; |AJ|Z[8][14]     ; regout           ;
; |AJ|Z[7][1]   ; |AJ|Z[7][1]      ; regout           ;
; |AJ|Z[7][2]   ; |AJ|Z[7][2]      ; regout           ;
; |AJ|Z[7][3]   ; |AJ|Z[7][3]      ; regout           ;
; |AJ|Z[7][4]   ; |AJ|Z[7][4]      ; regout           ;
; |AJ|Z[7][6]   ; |AJ|Z[7][6]      ; regout           ;
; |AJ|Z[7][7]   ; |AJ|Z[7][7]      ; regout           ;
; |AJ|Z[7][9]   ; |AJ|Z[7][9]      ; regout           ;
; |AJ|Z[7][10]  ; |AJ|Z[7][10]     ; regout           ;
; |AJ|Z[7][11]  ; |AJ|Z[7][11]     ; regout           ;
; |AJ|Z[7][12]  ; |AJ|Z[7][12]     ; regout           ;
; |AJ|Z[7][13]  ; |AJ|Z[7][13]     ; regout           ;
; |AJ|Z[7][14]  ; |AJ|Z[7][14]     ; regout           ;
; |AJ|Z[6][1]   ; |AJ|Z[6][1]      ; regout           ;
; |AJ|Z[6][2]   ; |AJ|Z[6][2]      ; regout           ;
; |AJ|Z[6][3]   ; |AJ|Z[6][3]      ; regout           ;
; |AJ|Z[6][4]   ; |AJ|Z[6][4]      ; regout           ;
; |AJ|Z[6][6]   ; |AJ|Z[6][6]      ; regout           ;
; |AJ|Z[6][7]   ; |AJ|Z[6][7]      ; regout           ;
; |AJ|Z[6][9]   ; |AJ|Z[6][9]      ; regout           ;
; |AJ|Z[6][10]  ; |AJ|Z[6][10]     ; regout           ;
; |AJ|Z[6][11]  ; |AJ|Z[6][11]     ; regout           ;
; |AJ|Z[6][12]  ; |AJ|Z[6][12]     ; regout           ;
; |AJ|Z[6][13]  ; |AJ|Z[6][13]     ; regout           ;
; |AJ|Z[6][14]  ; |AJ|Z[6][14]     ; regout           ;
; |AJ|Z[5][1]   ; |AJ|Z[5][1]      ; regout           ;
; |AJ|Z[5][2]   ; |AJ|Z[5][2]      ; regout           ;
; |AJ|Z[5][3]   ; |AJ|Z[5][3]      ; regout           ;
; |AJ|Z[5][4]   ; |AJ|Z[5][4]      ; regout           ;
; |AJ|Z[5][6]   ; |AJ|Z[5][6]      ; regout           ;
; |AJ|Z[5][7]   ; |AJ|Z[5][7]      ; regout           ;
; |AJ|Z[5][9]   ; |AJ|Z[5][9]      ; regout           ;
; |AJ|Z[5][10]  ; |AJ|Z[5][10]     ; regout           ;
; |AJ|Z[5][11]  ; |AJ|Z[5][11]     ; regout           ;
; |AJ|Z[5][12]  ; |AJ|Z[5][12]     ; regout           ;
; |AJ|Z[5][13]  ; |AJ|Z[5][13]     ; regout           ;
; |AJ|Z[5][14]  ; |AJ|Z[5][14]     ; regout           ;
; |AJ|Z[4][1]   ; |AJ|Z[4][1]      ; regout           ;
; |AJ|Z[4][2]   ; |AJ|Z[4][2]      ; regout           ;
; |AJ|Z[4][3]   ; |AJ|Z[4][3]      ; regout           ;
; |AJ|Z[4][4]   ; |AJ|Z[4][4]      ; regout           ;
; |AJ|Z[4][6]   ; |AJ|Z[4][6]      ; regout           ;
; |AJ|Z[4][7]   ; |AJ|Z[4][7]      ; regout           ;
; |AJ|Z[4][9]   ; |AJ|Z[4][9]      ; regout           ;
; |AJ|Z[4][12]  ; |AJ|Z[4][12]     ; regout           ;
; |AJ|Z[4][13]  ; |AJ|Z[4][13]     ; regout           ;
; |AJ|Z[4][14]  ; |AJ|Z[4][14]     ; regout           ;
; |AJ|Z[3][1]   ; |AJ|Z[3][1]      ; regout           ;
; |AJ|Z[3][2]   ; |AJ|Z[3][2]      ; regout           ;
; |AJ|Z[3][4]   ; |AJ|Z[3][4]      ; regout           ;
; |AJ|Z[3][5]   ; |AJ|Z[3][5]      ; regout           ;
; |AJ|Z[3][6]   ; |AJ|Z[3][6]      ; regout           ;
; |AJ|Z[3][7]   ; |AJ|Z[3][7]      ; regout           ;
; |AJ|Z[3][9]   ; |AJ|Z[3][9]      ; regout           ;
; |AJ|Z[3][12]  ; |AJ|Z[3][12]     ; regout           ;
; |AJ|Z[3][13]  ; |AJ|Z[3][13]     ; regout           ;
; |AJ|Z[3][14]  ; |AJ|Z[3][14]     ; regout           ;
; |AJ|Z[3][15]  ; |AJ|Z[3][15]     ; regout           ;
; |AJ|Z[2][1]   ; |AJ|Z[2][1]      ; regout           ;
; |AJ|Z[2][2]   ; |AJ|Z[2][2]      ; regout           ;
; |AJ|Z[2][4]   ; |AJ|Z[2][4]      ; regout           ;
; |AJ|Z[2][6]   ; |AJ|Z[2][6]      ; regout           ;
; |AJ|Z[2][9]   ; |AJ|Z[2][9]      ; regout           ;
; |AJ|Z[2][13]  ; |AJ|Z[2][13]     ; regout           ;
; |AJ|Z[2][14]  ; |AJ|Z[2][14]     ; regout           ;
; |AJ|Z[2][15]  ; |AJ|Z[2][15]     ; regout           ;
; |AJ|Z[1][3]   ; |AJ|Z[1][3]      ; regout           ;
; |AJ|Z[1][7]   ; |AJ|Z[1][7]      ; regout           ;
; |AJ|Z[1][8]   ; |AJ|Z[1][8]      ; regout           ;
; |AJ|Z[1][10]  ; |AJ|Z[1][10]     ; regout           ;
; |AJ|Z[1][11]  ; |AJ|Z[1][11]     ; regout           ;
; |AJ|Z[1][14]  ; |AJ|Z[1][14]     ; regout           ;
; |AJ|Z[1][15]  ; |AJ|Z[1][15]     ; regout           ;
; |AJ|clock     ; |AJ|clock        ; out              ;
; |AJ|Zout[0]   ; |AJ|Zout[0]      ; pin_out          ;
; |AJ|Zout[1]   ; |AJ|Zout[1]      ; pin_out          ;
; |AJ|Zout[2]   ; |AJ|Zout[2]      ; pin_out          ;
; |AJ|Zout[3]   ; |AJ|Zout[3]      ; pin_out          ;
; |AJ|Zout[4]   ; |AJ|Zout[4]      ; pin_out          ;
; |AJ|Zout[5]   ; |AJ|Zout[5]      ; pin_out          ;
; |AJ|Zout[6]   ; |AJ|Zout[6]      ; pin_out          ;
; |AJ|Zout[7]   ; |AJ|Zout[7]      ; pin_out          ;
; |AJ|Zout[8]   ; |AJ|Zout[8]      ; pin_out          ;
; |AJ|Zout[9]   ; |AJ|Zout[9]      ; pin_out          ;
; |AJ|Zout[10]  ; |AJ|Zout[10]     ; pin_out          ;
; |AJ|Zout[11]  ; |AJ|Zout[11]     ; pin_out          ;
; |AJ|Zout[12]  ; |AJ|Zout[12]     ; pin_out          ;
; |AJ|Zout[13]  ; |AJ|Zout[13]     ; pin_out          ;
; |AJ|Zout[14]  ; |AJ|Zout[14]     ; pin_out          ;
; |AJ|Add1~26   ; |AJ|Add1~26      ; out0             ;
; |AJ|Add4~3    ; |AJ|Add4~3       ; out0             ;
; |AJ|Add4~6    ; |AJ|Add4~6       ; out0             ;
; |AJ|Add4~9    ; |AJ|Add4~9       ; out0             ;
; |AJ|Add6~7    ; |AJ|Add6~7       ; out0             ;
; |AJ|Add6~10   ; |AJ|Add6~10      ; out0             ;
; |AJ|Add6~15   ; |AJ|Add6~15      ; out0             ;
; |AJ|Add6~16   ; |AJ|Add6~16      ; out0             ;
; |AJ|Add6~19   ; |AJ|Add6~19      ; out0             ;
; |AJ|Add6~20   ; |AJ|Add6~20      ; out0             ;
; |AJ|Add6~21   ; |AJ|Add6~21      ; out0             ;
; |AJ|Add6~22   ; |AJ|Add6~22      ; out0             ;
; |AJ|Add6~23   ; |AJ|Add6~23      ; out0             ;
; |AJ|Add6~24   ; |AJ|Add6~24      ; out0             ;
; |AJ|Add6~26   ; |AJ|Add6~26      ; out0             ;
; |AJ|Add6~27   ; |AJ|Add6~27      ; out0             ;
; |AJ|Add6~28   ; |AJ|Add6~28      ; out0             ;
; |AJ|Add6~29   ; |AJ|Add6~29      ; out0             ;
; |AJ|Add6~31   ; |AJ|Add6~31      ; out0             ;
; |AJ|Add6~32   ; |AJ|Add6~32      ; out0             ;
; |AJ|Add6~36   ; |AJ|Add6~36      ; out0             ;
; |AJ|Add9~3    ; |AJ|Add9~3       ; out0             ;
; |AJ|Add9~5    ; |AJ|Add9~5       ; out0             ;
; |AJ|Add9~15   ; |AJ|Add9~15      ; out0             ;
; |AJ|Add9~16   ; |AJ|Add9~16      ; out0             ;
; |AJ|Add9~17   ; |AJ|Add9~17      ; out0             ;
; |AJ|Add9~18   ; |AJ|Add9~18      ; out0             ;
; |AJ|Add9~22   ; |AJ|Add9~22      ; out0             ;
; |AJ|Add9~23   ; |AJ|Add9~23      ; out0             ;
; |AJ|Add9~24   ; |AJ|Add9~24      ; out0             ;
; |AJ|Add9~25   ; |AJ|Add9~25      ; out0             ;
; |AJ|Add14~0   ; |AJ|Add14~0      ; out0             ;
; |AJ|Add14~1   ; |AJ|Add14~1      ; out0             ;
; |AJ|Add14~3   ; |AJ|Add14~3      ; out0             ;
; |AJ|Add14~4   ; |AJ|Add14~4      ; out0             ;
; |AJ|Add14~5   ; |AJ|Add14~5      ; out0             ;
; |AJ|Add14~7   ; |AJ|Add14~7      ; out0             ;
; |AJ|Add14~9   ; |AJ|Add14~9      ; out0             ;
; |AJ|Add14~10  ; |AJ|Add14~10     ; out0             ;
; |AJ|Add14~12  ; |AJ|Add14~12     ; out0             ;
; |AJ|Add14~16  ; |AJ|Add14~16     ; out0             ;
; |AJ|Add14~25  ; |AJ|Add14~25     ; out0             ;
; |AJ|Add14~27  ; |AJ|Add14~27     ; out0             ;
; |AJ|Add14~30  ; |AJ|Add14~30     ; out0             ;
; |AJ|Add19~0   ; |AJ|Add19~0      ; out0             ;
; |AJ|Add19~5   ; |AJ|Add19~5      ; out0             ;
; |AJ|Add19~7   ; |AJ|Add19~7      ; out0             ;
; |AJ|Add19~9   ; |AJ|Add19~9      ; out0             ;
; |AJ|Add19~11  ; |AJ|Add19~11     ; out0             ;
; |AJ|Add19~15  ; |AJ|Add19~15     ; out0             ;
; |AJ|Add19~22  ; |AJ|Add19~22     ; out0             ;
; |AJ|Add19~23  ; |AJ|Add19~23     ; out0             ;
; |AJ|Add19~25  ; |AJ|Add19~25     ; out0             ;
; |AJ|Add19~26  ; |AJ|Add19~26     ; out0             ;
; |AJ|Add19~27  ; |AJ|Add19~27     ; out0             ;
; |AJ|Add19~28  ; |AJ|Add19~28     ; out0             ;
; |AJ|Add19~29  ; |AJ|Add19~29     ; out0             ;
; |AJ|Add19~30  ; |AJ|Add19~30     ; out0             ;
; |AJ|Add19~31  ; |AJ|Add19~31     ; out0             ;
; |AJ|Add24~0   ; |AJ|Add24~0      ; out0             ;
; |AJ|Add24~1   ; |AJ|Add24~1      ; out0             ;
; |AJ|Add24~2   ; |AJ|Add24~2      ; out0             ;
; |AJ|Add24~3   ; |AJ|Add24~3      ; out0             ;
; |AJ|Add24~4   ; |AJ|Add24~4      ; out0             ;
; |AJ|Add24~5   ; |AJ|Add24~5      ; out0             ;
; |AJ|Add24~6   ; |AJ|Add24~6      ; out0             ;
; |AJ|Add24~10  ; |AJ|Add24~10     ; out0             ;
; |AJ|Add24~12  ; |AJ|Add24~12     ; out0             ;
; |AJ|Add24~16  ; |AJ|Add24~16     ; out0             ;
; |AJ|Add24~21  ; |AJ|Add24~21     ; out0             ;
; |AJ|Add24~24  ; |AJ|Add24~24     ; out0             ;
; |AJ|Add24~26  ; |AJ|Add24~26     ; out0             ;
; |AJ|Add24~27  ; |AJ|Add24~27     ; out0             ;
; |AJ|Add24~29  ; |AJ|Add24~29     ; out0             ;
; |AJ|Add24~30  ; |AJ|Add24~30     ; out0             ;
; |AJ|Add24~32  ; |AJ|Add24~32     ; out0             ;
; |AJ|Add29~0   ; |AJ|Add29~0      ; out0             ;
; |AJ|Add29~1   ; |AJ|Add29~1      ; out0             ;
; |AJ|Add29~2   ; |AJ|Add29~2      ; out0             ;
; |AJ|Add29~5   ; |AJ|Add29~5      ; out0             ;
; |AJ|Add29~6   ; |AJ|Add29~6      ; out0             ;
; |AJ|Add29~8   ; |AJ|Add29~8      ; out0             ;
; |AJ|Add29~9   ; |AJ|Add29~9      ; out0             ;
; |AJ|Add29~11  ; |AJ|Add29~11     ; out0             ;
; |AJ|Add29~12  ; |AJ|Add29~12     ; out0             ;
; |AJ|Add29~14  ; |AJ|Add29~14     ; out0             ;
; |AJ|Add34~0   ; |AJ|Add34~0      ; out0             ;
; |AJ|Add34~1   ; |AJ|Add34~1      ; out0             ;
; |AJ|Add34~3   ; |AJ|Add34~3      ; out0             ;
; |AJ|Add34~5   ; |AJ|Add34~5      ; out0             ;
; |AJ|Add34~8   ; |AJ|Add34~8      ; out0             ;
; |AJ|Add34~9   ; |AJ|Add34~9      ; out0             ;
; |AJ|Add34~11  ; |AJ|Add34~11     ; out0             ;
; |AJ|Add34~12  ; |AJ|Add34~12     ; out0             ;
; |AJ|Add34~14  ; |AJ|Add34~14     ; out0             ;
; |AJ|Add34~15  ; |AJ|Add34~15     ; out0             ;
; |AJ|Add34~17  ; |AJ|Add34~17     ; out0             ;
; |AJ|Add39~0   ; |AJ|Add39~0      ; out0             ;
; |AJ|Add39~2   ; |AJ|Add39~2      ; out0             ;
; |AJ|Add39~3   ; |AJ|Add39~3      ; out0             ;
; |AJ|Add39~5   ; |AJ|Add39~5      ; out0             ;
; |AJ|Add39~6   ; |AJ|Add39~6      ; out0             ;
; |AJ|Add39~8   ; |AJ|Add39~8      ; out0             ;
; |AJ|Add39~11  ; |AJ|Add39~11     ; out0             ;
; |AJ|Add39~12  ; |AJ|Add39~12     ; out0             ;
; |AJ|Add39~14  ; |AJ|Add39~14     ; out0             ;
; |AJ|Add39~15  ; |AJ|Add39~15     ; out0             ;
; |AJ|Add39~17  ; |AJ|Add39~17     ; out0             ;
; |AJ|Add39~18  ; |AJ|Add39~18     ; out0             ;
; |AJ|Add39~20  ; |AJ|Add39~20     ; out0             ;
; |AJ|Add44~0   ; |AJ|Add44~0      ; out0             ;
; |AJ|Add44~1   ; |AJ|Add44~1      ; out0             ;
; |AJ|Add44~2   ; |AJ|Add44~2      ; out0             ;
; |AJ|Add44~3   ; |AJ|Add44~3      ; out0             ;
; |AJ|Add44~5   ; |AJ|Add44~5      ; out0             ;
; |AJ|Add44~6   ; |AJ|Add44~6      ; out0             ;
; |AJ|Add44~8   ; |AJ|Add44~8      ; out0             ;
; |AJ|Add44~9   ; |AJ|Add44~9      ; out0             ;
; |AJ|Add44~11  ; |AJ|Add44~11     ; out0             ;
; |AJ|Add44~14  ; |AJ|Add44~14     ; out0             ;
; |AJ|Add44~15  ; |AJ|Add44~15     ; out0             ;
; |AJ|Add44~17  ; |AJ|Add44~17     ; out0             ;
; |AJ|Add44~18  ; |AJ|Add44~18     ; out0             ;
; |AJ|Add44~20  ; |AJ|Add44~20     ; out0             ;
; |AJ|Add44~21  ; |AJ|Add44~21     ; out0             ;
; |AJ|Add44~23  ; |AJ|Add44~23     ; out0             ;
; |AJ|Add49~0   ; |AJ|Add49~0      ; out0             ;
; |AJ|Add49~1   ; |AJ|Add49~1      ; out0             ;
; |AJ|Add49~2   ; |AJ|Add49~2      ; out0             ;
; |AJ|Add49~3   ; |AJ|Add49~3      ; out0             ;
; |AJ|Add49~5   ; |AJ|Add49~5      ; out0             ;
; |AJ|Add49~6   ; |AJ|Add49~6      ; out0             ;
; |AJ|Add49~8   ; |AJ|Add49~8      ; out0             ;
; |AJ|Add49~9   ; |AJ|Add49~9      ; out0             ;
; |AJ|Add49~11  ; |AJ|Add49~11     ; out0             ;
; |AJ|Add49~12  ; |AJ|Add49~12     ; out0             ;
; |AJ|Add49~14  ; |AJ|Add49~14     ; out0             ;
; |AJ|Add49~17  ; |AJ|Add49~17     ; out0             ;
; |AJ|Add49~18  ; |AJ|Add49~18     ; out0             ;
; |AJ|Add49~20  ; |AJ|Add49~20     ; out0             ;
; |AJ|Add49~21  ; |AJ|Add49~21     ; out0             ;
; |AJ|Add49~23  ; |AJ|Add49~23     ; out0             ;
; |AJ|Add49~24  ; |AJ|Add49~24     ; out0             ;
; |AJ|Add49~26  ; |AJ|Add49~26     ; out0             ;
; |AJ|Add54~0   ; |AJ|Add54~0      ; out0             ;
; |AJ|Add54~1   ; |AJ|Add54~1      ; out0             ;
; |AJ|Add54~2   ; |AJ|Add54~2      ; out0             ;
; |AJ|Add54~3   ; |AJ|Add54~3      ; out0             ;
; |AJ|Add54~4   ; |AJ|Add54~4      ; out0             ;
; |AJ|Add54~5   ; |AJ|Add54~5      ; out0             ;
; |AJ|Add54~6   ; |AJ|Add54~6      ; out0             ;
; |AJ|Add54~7   ; |AJ|Add54~7      ; out0             ;
; |AJ|Add54~8   ; |AJ|Add54~8      ; out0             ;
; |AJ|Add54~11  ; |AJ|Add54~11     ; out0             ;
; |AJ|Add54~12  ; |AJ|Add54~12     ; out0             ;
; |AJ|Add54~14  ; |AJ|Add54~14     ; out0             ;
; |AJ|Add54~15  ; |AJ|Add54~15     ; out0             ;
; |AJ|Add54~17  ; |AJ|Add54~17     ; out0             ;
; |AJ|Add54~20  ; |AJ|Add54~20     ; out0             ;
; |AJ|Add54~21  ; |AJ|Add54~21     ; out0             ;
; |AJ|Add54~23  ; |AJ|Add54~23     ; out0             ;
; |AJ|Add54~24  ; |AJ|Add54~24     ; out0             ;
; |AJ|Add54~26  ; |AJ|Add54~26     ; out0             ;
; |AJ|Add54~27  ; |AJ|Add54~27     ; out0             ;
; |AJ|Add54~29  ; |AJ|Add54~29     ; out0             ;
+---------------+------------------+------------------+


The following table displays output ports that do not toggle to 1 during simulation.
+-----------------------------------------------------+
; Missing 1-Value Coverage                            ;
+---------------+------------------+------------------+
; Node Name     ; Output Port Name ; Output Port Type ;
+---------------+------------------+------------------+
; |AJ|Y[0][10]  ; |AJ|Y[0][10]     ; regout           ;
; |AJ|Y[0][9]   ; |AJ|Y[0][9]      ; regout           ;
; |AJ|Y[0][8]   ; |AJ|Y[0][8]      ; regout           ;
; |AJ|Y[0][7]   ; |AJ|Y[0][7]      ; regout           ;
; |AJ|Y[0][6]   ; |AJ|Y[0][6]      ; regout           ;
; |AJ|Y[0][5]   ; |AJ|Y[0][5]      ; regout           ;
; |AJ|Y[0][4]   ; |AJ|Y[0][4]      ; regout           ;
; |AJ|Y[0][3]   ; |AJ|Y[0][3]      ; regout           ;
; |AJ|Y[0][2]   ; |AJ|Y[0][2]      ; regout           ;
; |AJ|Y[0][1]   ; |AJ|Y[0][1]      ; regout           ;
; |AJ|Y[0][0]   ; |AJ|Y[0][0]      ; regout           ;
; |AJ|Z[0][15]  ; |AJ|Z[0][15]     ; regout           ;
; |AJ|Z[0][12]  ; |AJ|Z[0][12]     ; regout           ;
; |AJ|Z[0][11]  ; |AJ|Z[0][11]     ; regout           ;
; |AJ|Z[0][9]   ; |AJ|Z[0][9]      ; regout           ;
; |AJ|Z[0][8]   ; |AJ|Z[0][8]      ; regout           ;
; |AJ|Y~0       ; |AJ|Y~0          ; out              ;
; |AJ|Z~0       ; |AJ|Z~0          ; out              ;
; |AJ|Z~1       ; |AJ|Z~1          ; out              ;
; |AJ|Z~4       ; |AJ|Z~4          ; out              ;
; |AJ|Z~5       ; |AJ|Z~5          ; out              ;
; |AJ|Z~7       ; |AJ|Z~7          ; out              ;
; |AJ|Z~8       ; |AJ|Z~8          ; out              ;
; |AJ|Z~12      ; |AJ|Z~12         ; out              ;
; |AJ|Z[0][7]   ; |AJ|Z[0][7]      ; regout           ;
; |AJ|Z~16      ; |AJ|Z~16         ; out              ;
; |AJ|Z~17      ; |AJ|Z~17         ; out              ;
; |AJ|Z~18      ; |AJ|Z~18         ; out              ;
; |AJ|Z~22      ; |AJ|Z~22         ; out              ;
; |AJ|Z~25      ; |AJ|Z~25         ; out              ;
; |AJ|Z~26      ; |AJ|Z~26         ; out              ;
; |AJ|Z~27      ; |AJ|Z~27         ; out              ;
; |AJ|Z~30      ; |AJ|Z~30         ; out              ;
; |AJ|Z[1][0]   ; |AJ|Z[1][0]      ; regout           ;
; |AJ|Z[0][2]   ; |AJ|Z[0][2]      ; regout           ;
; |AJ|Z[0][0]   ; |AJ|Z[0][0]      ; regout           ;
; |AJ|Y[0][11]  ; |AJ|Y[0][11]     ; regout           ;
; |AJ|Y[0][12]  ; |AJ|Y[0][12]     ; regout           ;
; |AJ|Y[0][13]  ; |AJ|Y[0][13]     ; regout           ;
; |AJ|Y[0][14]  ; |AJ|Y[0][14]     ; regout           ;
; |AJ|Y[0][15]  ; |AJ|Y[0][15]     ; regout           ;
; |AJ|X[0][0]   ; |AJ|X[0][0]      ; regout           ;
; |AJ|X[0][2]   ; |AJ|X[0][2]      ; regout           ;
; |AJ|X[0][3]   ; |AJ|X[0][3]      ; regout           ;
; |AJ|X[0][4]   ; |AJ|X[0][4]      ; regout           ;
; |AJ|X[0][5]   ; |AJ|X[0][5]      ; regout           ;
; |AJ|X[0][9]   ; |AJ|X[0][9]      ; regout           ;
; |AJ|X[0][10]  ; |AJ|X[0][10]     ; regout           ;
; |AJ|X[0][11]  ; |AJ|X[0][11]     ; regout           ;
; |AJ|X[0][12]  ; |AJ|X[0][12]     ; regout           ;
; |AJ|X[0][13]  ; |AJ|X[0][13]     ; regout           ;
; |AJ|X[0][15]  ; |AJ|X[0][15]     ; regout           ;
; |AJ|Z[6][8]   ; |AJ|Z[6][8]      ; regout           ;
; |AJ|Z[5][8]   ; |AJ|Z[5][8]      ; regout           ;
; |AJ|Z[4][8]   ; |AJ|Z[4][8]      ; regout           ;
; |AJ|Z[3][8]   ; |AJ|Z[3][8]      ; regout           ;
; |AJ|Z[3][11]  ; |AJ|Z[3][11]     ; regout           ;
; |AJ|Z[2][5]   ; |AJ|Z[2][5]      ; regout           ;
; |AJ|Z[2][8]   ; |AJ|Z[2][8]      ; regout           ;
; |AJ|Z[2][11]  ; |AJ|Z[2][11]     ; regout           ;
; |AJ|Z[1][6]   ; |AJ|Z[1][6]      ; regout           ;
; |AJ|Y[1][15]  ; |AJ|Y[1][15]     ; regout           ;
; |AJ|angle[0]  ; |AJ|angle[0]     ; out              ;
; |AJ|angle[1]  ; |AJ|angle[1]     ; out              ;
; |AJ|angle[2]  ; |AJ|angle[2]     ; out              ;
; |AJ|angle[3]  ; |AJ|angle[3]     ; out              ;
; |AJ|angle[4]  ; |AJ|angle[4]     ; out              ;
; |AJ|angle[5]  ; |AJ|angle[5]     ; out              ;
; |AJ|angle[6]  ; |AJ|angle[6]     ; out              ;
; |AJ|angle[7]  ; |AJ|angle[7]     ; out              ;
; |AJ|angle[8]  ; |AJ|angle[8]     ; out              ;
; |AJ|angle[9]  ; |AJ|angle[9]     ; out              ;
; |AJ|angle[10] ; |AJ|angle[10]    ; out              ;
; |AJ|angle[11] ; |AJ|angle[11]    ; out              ;
; |AJ|angle[12] ; |AJ|angle[12]    ; out              ;
; |AJ|angle[13] ; |AJ|angle[13]    ; out              ;
; |AJ|angle[14] ; |AJ|angle[14]    ; out              ;
; |AJ|angle[15] ; |AJ|angle[15]    ; out              ;
; |AJ|Xin[0]    ; |AJ|Xin[0]       ; out              ;
; |AJ|Xin[1]    ; |AJ|Xin[1]       ; out              ;
; |AJ|Xin[2]    ; |AJ|Xin[2]       ; out              ;
; |AJ|Xin[3]    ; |AJ|Xin[3]       ; out              ;
; |AJ|Xin[4]    ; |AJ|Xin[4]       ; out              ;
; |AJ|Xin[5]    ; |AJ|Xin[5]       ; out              ;
; |AJ|Xin[6]    ; |AJ|Xin[6]       ; out              ;
; |AJ|Xin[7]    ; |AJ|Xin[7]       ; out              ;
; |AJ|Xin[8]    ; |AJ|Xin[8]       ; out              ;
; |AJ|Xin[9]    ; |AJ|Xin[9]       ; out              ;
; |AJ|Xin[10]   ; |AJ|Xin[10]      ; out              ;
; |AJ|Xin[11]   ; |AJ|Xin[11]      ; out              ;
; |AJ|Xin[12]   ; |AJ|Xin[12]      ; out              ;
; |AJ|Xin[13]   ; |AJ|Xin[13]      ; out              ;
; |AJ|Xin[14]   ; |AJ|Xin[14]      ; out              ;
; |AJ|Xin[15]   ; |AJ|Xin[15]      ; out              ;
; |AJ|Yin[0]    ; |AJ|Yin[0]       ; out              ;
; |AJ|Yin[1]    ; |AJ|Yin[1]       ; out              ;
; |AJ|Yin[2]    ; |AJ|Yin[2]       ; out              ;
; |AJ|Yin[3]    ; |AJ|Yin[3]       ; out              ;
; |AJ|Yin[4]    ; |AJ|Yin[4]       ; out              ;
; |AJ|Yin[5]    ; |AJ|Yin[5]       ; out              ;
; |AJ|Yin[6]    ; |AJ|Yin[6]       ; out              ;
; |AJ|Yin[7]    ; |AJ|Yin[7]       ; out              ;
; |AJ|Yin[8]    ; |AJ|Yin[8]       ; out              ;
; |AJ|Yin[9]    ; |AJ|Yin[9]       ; out              ;
; |AJ|Yin[10]   ; |AJ|Yin[10]      ; out              ;
; |AJ|Yin[11]   ; |AJ|Yin[11]      ; out              ;
; |AJ|Yin[12]   ; |AJ|Yin[12]      ; out              ;
; |AJ|Yin[13]   ; |AJ|Yin[13]      ; out              ;
; |AJ|Yin[14]   ; |AJ|Yin[14]      ; out              ;
; |AJ|Yin[15]   ; |AJ|Yin[15]      ; out              ;
; |AJ|Xout[0]   ; |AJ|Xout[0]      ; pin_out          ;
; |AJ|Xout[1]   ; |AJ|Xout[1]      ; pin_out          ;
; |AJ|Xout[2]   ; |AJ|Xout[2]      ; pin_out          ;
; |AJ|Xout[3]   ; |AJ|Xout[3]      ; pin_out          ;
; |AJ|Xout[4]   ; |AJ|Xout[4]      ; pin_out          ;
; |AJ|Xout[5]   ; |AJ|Xout[5]      ; pin_out          ;
; |AJ|Xout[6]   ; |AJ|Xout[6]      ; pin_out          ;
; |AJ|Xout[7]   ; |AJ|Xout[7]      ; pin_out          ;
; |AJ|Xout[8]   ; |AJ|Xout[8]      ; pin_out          ;
; |AJ|Xout[9]   ; |AJ|Xout[9]      ; pin_out          ;
; |AJ|Xout[10]  ; |AJ|Xout[10]     ; pin_out          ;
; |AJ|Xout[11]  ; |AJ|Xout[11]     ; pin_out          ;
; |AJ|Xout[12]  ; |AJ|Xout[12]     ; pin_out          ;
; |AJ|Xout[13]  ; |AJ|Xout[13]     ; pin_out          ;
; |AJ|Xout[14]  ; |AJ|Xout[14]     ; pin_out          ;
; |AJ|Xout[15]  ; |AJ|Xout[15]     ; pin_out          ;
; |AJ|Yout[0]   ; |AJ|Yout[0]      ; pin_out          ;
; |AJ|Yout[1]   ; |AJ|Yout[1]      ; pin_out          ;
; |AJ|Yout[2]   ; |AJ|Yout[2]      ; pin_out          ;
; |AJ|Yout[3]   ; |AJ|Yout[3]      ; pin_out          ;
; |AJ|Yout[4]   ; |AJ|Yout[4]      ; pin_out          ;
; |AJ|Yout[5]   ; |AJ|Yout[5]      ; pin_out          ;
; |AJ|Yout[6]   ; |AJ|Yout[6]      ; pin_out          ;
; |AJ|Yout[7]   ; |AJ|Yout[7]      ; pin_out          ;
; |AJ|Yout[8]   ; |AJ|Yout[8]      ; pin_out          ;
; |AJ|Yout[9]   ; |AJ|Yout[9]      ; pin_out          ;
; |AJ|Yout[10]  ; |AJ|Yout[10]     ; pin_out          ;
; |AJ|Yout[11]  ; |AJ|Yout[11]     ; pin_out          ;
; |AJ|Yout[12]  ; |AJ|Yout[12]     ; pin_out          ;
; |AJ|Yout[13]  ; |AJ|Yout[13]     ; pin_out          ;
; |AJ|Yout[14]  ; |AJ|Yout[14]     ; pin_out          ;
; |AJ|Yout[15]  ; |AJ|Yout[15]     ; pin_out          ;
; |AJ|Add0~0    ; |AJ|Add0~0       ; out0             ;
; |AJ|Add0~1    ; |AJ|Add0~1       ; out0             ;
; |AJ|Add0~2    ; |AJ|Add0~2       ; out0             ;
; |AJ|Add0~3    ; |AJ|Add0~3       ; out0             ;
; |AJ|Add0~4    ; |AJ|Add0~4       ; out0             ;
; |AJ|Add0~5    ; |AJ|Add0~5       ; out0             ;
; |AJ|Add0~6    ; |AJ|Add0~6       ; out0             ;
; |AJ|Add0~7    ; |AJ|Add0~7       ; out0             ;
; |AJ|Add0~8    ; |AJ|Add0~8       ; out0             ;
; |AJ|Add0~9    ; |AJ|Add0~9       ; out0             ;
; |AJ|Add0~10   ; |AJ|Add0~10      ; out0             ;
; |AJ|Add0~11   ; |AJ|Add0~11      ; out0             ;
; |AJ|Add0~12   ; |AJ|Add0~12      ; out0             ;
; |AJ|Add0~13   ; |AJ|Add0~13      ; out0             ;
; |AJ|Add0~14   ; |AJ|Add0~14      ; out0             ;
; |AJ|Add0~15   ; |AJ|Add0~15      ; out0             ;
; |AJ|Add0~16   ; |AJ|Add0~16      ; out0             ;
; |AJ|Add0~17   ; |AJ|Add0~17      ; out0             ;
; |AJ|Add0~18   ; |AJ|Add0~18      ; out0             ;
; |AJ|Add0~19   ; |AJ|Add0~19      ; out0             ;
; |AJ|Add0~20   ; |AJ|Add0~20      ; out0             ;
; |AJ|Add0~21   ; |AJ|Add0~21      ; out0             ;
; |AJ|Add0~22   ; |AJ|Add0~22      ; out0             ;
; |AJ|Add0~23   ; |AJ|Add0~23      ; out0             ;
; |AJ|Add0~24   ; |AJ|Add0~24      ; out0             ;
; |AJ|Add0~25   ; |AJ|Add0~25      ; out0             ;
; |AJ|Add0~26   ; |AJ|Add0~26      ; out0             ;
; |AJ|Add0~27   ; |AJ|Add0~27      ; out0             ;
; |AJ|Add0~28   ; |AJ|Add0~28      ; out0             ;
; |AJ|Add0~29   ; |AJ|Add0~29      ; out0             ;
; |AJ|Add0~30   ; |AJ|Add0~30      ; out0             ;
; |AJ|Add0~31   ; |AJ|Add0~31      ; out0             ;
; |AJ|Add0~32   ; |AJ|Add0~32      ; out0             ;
; |AJ|Add0~33   ; |AJ|Add0~33      ; out0             ;
; |AJ|Add0~34   ; |AJ|Add0~34      ; out0             ;
; |AJ|Add0~35   ; |AJ|Add0~35      ; out0             ;
; |AJ|Add0~36   ; |AJ|Add0~36      ; out0             ;
; |AJ|Add0~37   ; |AJ|Add0~37      ; out0             ;
; |AJ|Add0~38   ; |AJ|Add0~38      ; out0             ;
; |AJ|Add0~39   ; |AJ|Add0~39      ; out0             ;
; |AJ|Add0~40   ; |AJ|Add0~40      ; out0             ;
; |AJ|Add0~41   ; |AJ|Add0~41      ; out0             ;
; |AJ|Add0~42   ; |AJ|Add0~42      ; out0             ;
; |AJ|Add0~43   ; |AJ|Add0~43      ; out0             ;
; |AJ|Add0~44   ; |AJ|Add0~44      ; out0             ;
; |AJ|Add0~45   ; |AJ|Add0~45      ; out0             ;
; |AJ|Add0~46   ; |AJ|Add0~46      ; out0             ;
; |AJ|Add0~47   ; |AJ|Add0~47      ; out0             ;
; |AJ|Add0~48   ; |AJ|Add0~48      ; out0             ;
; |AJ|Add0~49   ; |AJ|Add0~49      ; out0             ;
; |AJ|Add0~50   ; |AJ|Add0~50      ; out0             ;
; |AJ|Add0~51   ; |AJ|Add0~51      ; out0             ;
; |AJ|Add0~52   ; |AJ|Add0~52      ; out0             ;
; |AJ|Add0~53   ; |AJ|Add0~53      ; out0             ;
; |AJ|Add0~54   ; |AJ|Add0~54      ; out0             ;
; |AJ|Add0~55   ; |AJ|Add0~55      ; out0             ;
; |AJ|Add0~56   ; |AJ|Add0~56      ; out0             ;
; |AJ|Add0~57   ; |AJ|Add0~57      ; out0             ;
; |AJ|Add1~1    ; |AJ|Add1~1       ; out0             ;
; |AJ|Add1~3    ; |AJ|Add1~3       ; out0             ;
; |AJ|Add1~5    ; |AJ|Add1~5       ; out0             ;
; |AJ|Add1~6    ; |AJ|Add1~6       ; out0             ;
; |AJ|Add1~8    ; |AJ|Add1~8       ; out0             ;
; |AJ|Add1~10   ; |AJ|Add1~10      ; out0             ;
; |AJ|Add1~11   ; |AJ|Add1~11      ; out0             ;
; |AJ|Add1~12   ; |AJ|Add1~12      ; out0             ;
; |AJ|Add1~13   ; |AJ|Add1~13      ; out0             ;
; |AJ|Add1~14   ; |AJ|Add1~14      ; out0             ;
; |AJ|Add1~15   ; |AJ|Add1~15      ; out0             ;
; |AJ|Add1~17   ; |AJ|Add1~17      ; out0             ;
; |AJ|Add1~18   ; |AJ|Add1~18      ; out0             ;
; |AJ|Add1~19   ; |AJ|Add1~19      ; out0             ;
; |AJ|Add1~20   ; |AJ|Add1~20      ; out0             ;
; |AJ|Add1~21   ; |AJ|Add1~21      ; out0             ;
; |AJ|Add1~22   ; |AJ|Add1~22      ; out0             ;
; |AJ|Add1~23   ; |AJ|Add1~23      ; out0             ;
; |AJ|Add1~25   ; |AJ|Add1~25      ; out0             ;
; |AJ|Add3~0    ; |AJ|Add3~0       ; out0             ;
; |AJ|Add3~1    ; |AJ|Add3~1       ; out0             ;
; |AJ|Add3~2    ; |AJ|Add3~2       ; out0             ;
; |AJ|Add3~3    ; |AJ|Add3~3       ; out0             ;
; |AJ|Add3~4    ; |AJ|Add3~4       ; out0             ;
; |AJ|Add3~5    ; |AJ|Add3~5       ; out0             ;
; |AJ|Add3~6    ; |AJ|Add3~6       ; out0             ;
; |AJ|Add3~7    ; |AJ|Add3~7       ; out0             ;
; |AJ|Add3~8    ; |AJ|Add3~8       ; out0             ;
; |AJ|Add3~9    ; |AJ|Add3~9       ; out0             ;
; |AJ|Add3~10   ; |AJ|Add3~10      ; out0             ;
; |AJ|Add3~11   ; |AJ|Add3~11      ; out0             ;
; |AJ|Add3~12   ; |AJ|Add3~12      ; out0             ;
; |AJ|Add3~13   ; |AJ|Add3~13      ; out0             ;
; |AJ|Add3~14   ; |AJ|Add3~14      ; out0             ;
; |AJ|Add3~15   ; |AJ|Add3~15      ; out0             ;
; |AJ|Add3~16   ; |AJ|Add3~16      ; out0             ;
; |AJ|Add3~17   ; |AJ|Add3~17      ; out0             ;
; |AJ|Add3~18   ; |AJ|Add3~18      ; out0             ;
; |AJ|Add3~19   ; |AJ|Add3~19      ; out0             ;
; |AJ|Add3~20   ; |AJ|Add3~20      ; out0             ;
; |AJ|Add3~21   ; |AJ|Add3~21      ; out0             ;
; |AJ|Add3~22   ; |AJ|Add3~22      ; out0             ;
; |AJ|Add3~23   ; |AJ|Add3~23      ; out0             ;
; |AJ|Add3~24   ; |AJ|Add3~24      ; out0             ;
; |AJ|Add3~25   ; |AJ|Add3~25      ; out0             ;
; |AJ|Add3~26   ; |AJ|Add3~26      ; out0             ;
; |AJ|Add3~27   ; |AJ|Add3~27      ; out0             ;
; |AJ|Add3~28   ; |AJ|Add3~28      ; out0             ;
; |AJ|Add3~29   ; |AJ|Add3~29      ; out0             ;
; |AJ|Add3~30   ; |AJ|Add3~30      ; out0             ;
; |AJ|Add3~31   ; |AJ|Add3~31      ; out0             ;
; |AJ|Add3~32   ; |AJ|Add3~32      ; out0             ;
; |AJ|Add3~33   ; |AJ|Add3~33      ; out0             ;
; |AJ|Add3~34   ; |AJ|Add3~34      ; out0             ;
; |AJ|Add3~35   ; |AJ|Add3~35      ; out0             ;
; |AJ|Add3~36   ; |AJ|Add3~36      ; out0             ;
; |AJ|Add3~37   ; |AJ|Add3~37      ; out0             ;
; |AJ|Add3~38   ; |AJ|Add3~38      ; out0             ;
; |AJ|Add3~39   ; |AJ|Add3~39      ; out0             ;
; |AJ|Add3~40   ; |AJ|Add3~40      ; out0             ;
; |AJ|Add3~41   ; |AJ|Add3~41      ; out0             ;
; |AJ|Add3~42   ; |AJ|Add3~42      ; out0             ;
; |AJ|Add3~43   ; |AJ|Add3~43      ; out0             ;
; |AJ|Add3~44   ; |AJ|Add3~44      ; out0             ;
; |AJ|Add3~45   ; |AJ|Add3~45      ; out0             ;
; |AJ|Add3~46   ; |AJ|Add3~46      ; out0             ;
; |AJ|Add3~47   ; |AJ|Add3~47      ; out0             ;
; |AJ|Add3~48   ; |AJ|Add3~48      ; out0             ;
; |AJ|Add3~49   ; |AJ|Add3~49      ; out0             ;
; |AJ|Add3~50   ; |AJ|Add3~50      ; out0             ;
; |AJ|Add3~51   ; |AJ|Add3~51      ; out0             ;
; |AJ|Add3~52   ; |AJ|Add3~52      ; out0             ;
; |AJ|Add3~53   ; |AJ|Add3~53      ; out0             ;
; |AJ|Add3~54   ; |AJ|Add3~54      ; out0             ;
; |AJ|Add3~55   ; |AJ|Add3~55      ; out0             ;
; |AJ|Add3~56   ; |AJ|Add3~56      ; out0             ;
; |AJ|Add3~57   ; |AJ|Add3~57      ; out0             ;
; |AJ|Add4~0    ; |AJ|Add4~0       ; out0             ;
; |AJ|Add4~2    ; |AJ|Add4~2       ; out0             ;
; |AJ|Add4~11   ; |AJ|Add4~11      ; out0             ;
; |AJ|Add4~13   ; |AJ|Add4~13      ; out0             ;
; |AJ|Add4~14   ; |AJ|Add4~14      ; out0             ;
; |AJ|Add4~16   ; |AJ|Add4~16      ; out0             ;
; |AJ|Add4~18   ; |AJ|Add4~18      ; out0             ;
; |AJ|Add4~19   ; |AJ|Add4~19      ; out0             ;
; |AJ|Add4~21   ; |AJ|Add4~21      ; out0             ;
; |AJ|Add4~22   ; |AJ|Add4~22      ; out0             ;
; |AJ|Add4~24   ; |AJ|Add4~24      ; out0             ;
; |AJ|Add4~26   ; |AJ|Add4~26      ; out0             ;
; |AJ|Add4~28   ; |AJ|Add4~28      ; out0             ;
; |AJ|Add4~29   ; |AJ|Add4~29      ; out0             ;
; |AJ|Add4~31   ; |AJ|Add4~31      ; out0             ;
; |AJ|Add4~32   ; |AJ|Add4~32      ; out0             ;
; |AJ|Add6~1    ; |AJ|Add6~1       ; out0             ;
; |AJ|Add6~2    ; |AJ|Add6~2       ; out0             ;
; |AJ|Add6~4    ; |AJ|Add6~4       ; out0             ;
; |AJ|Add6~5    ; |AJ|Add6~5       ; out0             ;
; |AJ|Add6~8    ; |AJ|Add6~8       ; out0             ;
; |AJ|Add6~14   ; |AJ|Add6~14      ; out0             ;
; |AJ|Add6~17   ; |AJ|Add6~17      ; out0             ;
; |AJ|Add6~18   ; |AJ|Add6~18      ; out0             ;
; |AJ|Add6~25   ; |AJ|Add6~25      ; out0             ;
; |AJ|Add6~35   ; |AJ|Add6~35      ; out0             ;
; |AJ|Add9~0    ; |AJ|Add9~0       ; out0             ;
; |AJ|Add9~2    ; |AJ|Add9~2       ; out0             ;
; |AJ|Add9~6    ; |AJ|Add9~6       ; out0             ;
; |AJ|Add9~7    ; |AJ|Add9~7       ; out0             ;
; |AJ|Add9~9    ; |AJ|Add9~9       ; out0             ;
; |AJ|Add9~10   ; |AJ|Add9~10      ; out0             ;
; |AJ|Add9~12   ; |AJ|Add9~12      ; out0             ;
; |AJ|Add9~14   ; |AJ|Add9~14      ; out0             ;
; |AJ|Add9~19   ; |AJ|Add9~19      ; out0             ;
; |AJ|Add9~21   ; |AJ|Add9~21      ; out0             ;
; |AJ|Add9~27   ; |AJ|Add9~27      ; out0             ;
; |AJ|Add9~28   ; |AJ|Add9~28      ; out0             ;
; |AJ|Add9~30   ; |AJ|Add9~30      ; out0             ;
; |AJ|Add9~31   ; |AJ|Add9~31      ; out0             ;
; |AJ|Add9~33   ; |AJ|Add9~33      ; out0             ;
; |AJ|Add9~34   ; |AJ|Add9~34      ; out0             ;
; |AJ|Add14~6   ; |AJ|Add14~6      ; out0             ;
; |AJ|Add14~8   ; |AJ|Add14~8      ; out0             ;
; |AJ|Add14~11  ; |AJ|Add14~11     ; out0             ;
; |AJ|Add14~13  ; |AJ|Add14~13     ; out0             ;
; |AJ|Add14~14  ; |AJ|Add14~14     ; out0             ;
; |AJ|Add14~15  ; |AJ|Add14~15     ; out0             ;
; |AJ|Add14~17  ; |AJ|Add14~17     ; out0             ;
; |AJ|Add14~19  ; |AJ|Add14~19     ; out0             ;
; |AJ|Add14~20  ; |AJ|Add14~20     ; out0             ;
; |AJ|Add14~21  ; |AJ|Add14~21     ; out0             ;
; |AJ|Add14~22  ; |AJ|Add14~22     ; out0             ;
; |AJ|Add14~24  ; |AJ|Add14~24     ; out0             ;
; |AJ|Add14~28  ; |AJ|Add14~28     ; out0             ;
; |AJ|Add14~31  ; |AJ|Add14~31     ; out0             ;
; |AJ|Add19~1   ; |AJ|Add19~1      ; out0             ;
; |AJ|Add19~2   ; |AJ|Add19~2      ; out0             ;
; |AJ|Add19~4   ; |AJ|Add19~4      ; out0             ;
; |AJ|Add19~8   ; |AJ|Add19~8      ; out0             ;
; |AJ|Add19~10  ; |AJ|Add19~10     ; out0             ;
; |AJ|Add19~12  ; |AJ|Add19~12     ; out0             ;
; |AJ|Add19~13  ; |AJ|Add19~13     ; out0             ;
; |AJ|Add19~14  ; |AJ|Add19~14     ; out0             ;
; |AJ|Add19~16  ; |AJ|Add19~16     ; out0             ;
; |AJ|Add19~18  ; |AJ|Add19~18     ; out0             ;
; |AJ|Add19~19  ; |AJ|Add19~19     ; out0             ;
; |AJ|Add19~20  ; |AJ|Add19~20     ; out0             ;
; |AJ|Add19~21  ; |AJ|Add19~21     ; out0             ;
; |AJ|Add19~24  ; |AJ|Add19~24     ; out0             ;
; |AJ|Add24~7   ; |AJ|Add24~7      ; out0             ;
; |AJ|Add24~9   ; |AJ|Add24~9      ; out0             ;
; |AJ|Add24~11  ; |AJ|Add24~11     ; out0             ;
; |AJ|Add24~13  ; |AJ|Add24~13     ; out0             ;
; |AJ|Add24~14  ; |AJ|Add24~14     ; out0             ;
; |AJ|Add24~15  ; |AJ|Add24~15     ; out0             ;
; |AJ|Add24~17  ; |AJ|Add24~17     ; out0             ;
; |AJ|Add24~18  ; |AJ|Add24~18     ; out0             ;
; |AJ|Add24~20  ; |AJ|Add24~20     ; out0             ;
; |AJ|Add24~33  ; |AJ|Add24~33     ; out0             ;
; |AJ|Add29~3   ; |AJ|Add29~3      ; out0             ;
; |AJ|Add29~15  ; |AJ|Add29~15     ; out0             ;
; |AJ|Add34~2   ; |AJ|Add34~2      ; out0             ;
; |AJ|Add34~6   ; |AJ|Add34~6      ; out0             ;
; |AJ|Add34~18  ; |AJ|Add34~18     ; out0             ;
; |AJ|Add39~9   ; |AJ|Add39~9      ; out0             ;
; |AJ|Add39~21  ; |AJ|Add39~21     ; out0             ;
; |AJ|Add44~12  ; |AJ|Add44~12     ; out0             ;
; |AJ|Add44~24  ; |AJ|Add44~24     ; out0             ;
; |AJ|Add49~15  ; |AJ|Add49~15     ; out0             ;
; |AJ|Add49~27  ; |AJ|Add49~27     ; out0             ;
; |AJ|Add54~9   ; |AJ|Add54~9      ; out0             ;
; |AJ|Add54~18  ; |AJ|Add54~18     ; out0             ;
; |AJ|Add54~30  ; |AJ|Add54~30     ; out0             ;
+---------------+------------------+------------------+


The following table displays output ports that do not toggle to 0 during simulation.
+-----------------------------------------------------+
; Missing 0-Value Coverage                            ;
+---------------+------------------+------------------+
; Node Name     ; Output Port Name ; Output Port Type ;
+---------------+------------------+------------------+
; |AJ|Y[0][10]  ; |AJ|Y[0][10]     ; regout           ;
; |AJ|Y[0][9]   ; |AJ|Y[0][9]      ; regout           ;
; |AJ|Y[0][8]   ; |AJ|Y[0][8]      ; regout           ;
; |AJ|Y[0][7]   ; |AJ|Y[0][7]      ; regout           ;
; |AJ|Y[0][6]   ; |AJ|Y[0][6]      ; regout           ;
; |AJ|Y[0][5]   ; |AJ|Y[0][5]      ; regout           ;
; |AJ|Y[0][4]   ; |AJ|Y[0][4]      ; regout           ;
; |AJ|Y[0][3]   ; |AJ|Y[0][3]      ; regout           ;
; |AJ|Y[0][2]   ; |AJ|Y[0][2]      ; regout           ;
; |AJ|Y[0][1]   ; |AJ|Y[0][1]      ; regout           ;
; |AJ|Y[0][0]   ; |AJ|Y[0][0]      ; regout           ;
; |AJ|Z[0][15]  ; |AJ|Z[0][15]     ; regout           ;
; |AJ|Z[0][14]  ; |AJ|Z[0][14]     ; regout           ;
; |AJ|Z[0][13]  ; |AJ|Z[0][13]     ; regout           ;
; |AJ|Z[0][12]  ; |AJ|Z[0][12]     ; regout           ;
; |AJ|Z[0][11]  ; |AJ|Z[0][11]     ; regout           ;
; |AJ|Z[0][10]  ; |AJ|Z[0][10]     ; regout           ;
; |AJ|Z[0][9]   ; |AJ|Z[0][9]      ; regout           ;
; |AJ|Z[0][8]   ; |AJ|Z[0][8]      ; regout           ;
; |AJ|Y~0       ; |AJ|Y~0          ; out              ;
; |AJ|Z~2       ; |AJ|Z~2          ; out              ;
; |AJ|Z~3       ; |AJ|Z~3          ; out              ;
; |AJ|Z~6       ; |AJ|Z~6          ; out              ;
; |AJ|Z[0][7]   ; |AJ|Z[0][7]      ; regout           ;
; |AJ|Z~19      ; |AJ|Z~19         ; out              ;
; |AJ|Z~26      ; |AJ|Z~26         ; out              ;
; |AJ|Z[1][0]   ; |AJ|Z[1][0]      ; regout           ;
; |AJ|Z[0][6]   ; |AJ|Z[0][6]      ; regout           ;
; |AJ|Z[2][0]   ; |AJ|Z[2][0]      ; regout           ;
; |AJ|Z[0][5]   ; |AJ|Z[0][5]      ; regout           ;
; |AJ|Z[3][0]   ; |AJ|Z[3][0]      ; regout           ;
; |AJ|Z[0][4]   ; |AJ|Z[0][4]      ; regout           ;
; |AJ|Z[4][0]   ; |AJ|Z[4][0]      ; regout           ;
; |AJ|Z[0][3]   ; |AJ|Z[0][3]      ; regout           ;
; |AJ|Z[0][2]   ; |AJ|Z[0][2]      ; regout           ;
; |AJ|Z[0][1]   ; |AJ|Z[0][1]      ; regout           ;
; |AJ|Z[0][0]   ; |AJ|Z[0][0]      ; regout           ;
; |AJ|Y[0][11]  ; |AJ|Y[0][11]     ; regout           ;
; |AJ|Y[0][12]  ; |AJ|Y[0][12]     ; regout           ;
; |AJ|Y[0][13]  ; |AJ|Y[0][13]     ; regout           ;
; |AJ|Y[0][14]  ; |AJ|Y[0][14]     ; regout           ;
; |AJ|Y[0][15]  ; |AJ|Y[0][15]     ; regout           ;
; |AJ|X[0][0]   ; |AJ|X[0][0]      ; regout           ;
; |AJ|X[0][1]   ; |AJ|X[0][1]      ; regout           ;
; |AJ|X[0][2]   ; |AJ|X[0][2]      ; regout           ;
; |AJ|X[0][3]   ; |AJ|X[0][3]      ; regout           ;
; |AJ|X[0][4]   ; |AJ|X[0][4]      ; regout           ;
; |AJ|X[0][5]   ; |AJ|X[0][5]      ; regout           ;
; |AJ|X[0][6]   ; |AJ|X[0][6]      ; regout           ;
; |AJ|X[0][7]   ; |AJ|X[0][7]      ; regout           ;
; |AJ|X[0][8]   ; |AJ|X[0][8]      ; regout           ;
; |AJ|X[0][9]   ; |AJ|X[0][9]      ; regout           ;
; |AJ|X[0][10]  ; |AJ|X[0][10]     ; regout           ;
; |AJ|X[0][11]  ; |AJ|X[0][11]     ; regout           ;
; |AJ|X[0][12]  ; |AJ|X[0][12]     ; regout           ;
; |AJ|X[0][13]  ; |AJ|X[0][13]     ; regout           ;
; |AJ|X[0][14]  ; |AJ|X[0][14]     ; regout           ;
; |AJ|X[0][15]  ; |AJ|X[0][15]     ; regout           ;
; |AJ|Z[11][15] ; |AJ|Z[11][15]    ; regout           ;
; |AJ|Z[10][15] ; |AJ|Z[10][15]    ; regout           ;
; |AJ|Z[9][5]   ; |AJ|Z[9][5]      ; regout           ;
; |AJ|Z[9][15]  ; |AJ|Z[9][15]     ; regout           ;
; |AJ|Z[8][5]   ; |AJ|Z[8][5]      ; regout           ;
; |AJ|Z[8][15]  ; |AJ|Z[8][15]     ; regout           ;
; |AJ|Z[7][5]   ; |AJ|Z[7][5]      ; regout           ;
; |AJ|Z[7][8]   ; |AJ|Z[7][8]      ; regout           ;
; |AJ|Z[7][15]  ; |AJ|Z[7][15]     ; regout           ;
; |AJ|Z[6][5]   ; |AJ|Z[6][5]      ; regout           ;
; |AJ|Z[6][8]   ; |AJ|Z[6][8]      ; regout           ;
; |AJ|Z[6][15]  ; |AJ|Z[6][15]     ; regout           ;
; |AJ|Z[5][5]   ; |AJ|Z[5][5]      ; regout           ;
; |AJ|Z[5][8]   ; |AJ|Z[5][8]      ; regout           ;
; |AJ|Z[5][15]  ; |AJ|Z[5][15]     ; regout           ;
; |AJ|Z[4][5]   ; |AJ|Z[4][5]      ; regout           ;
; |AJ|Z[4][8]   ; |AJ|Z[4][8]      ; regout           ;
; |AJ|Z[4][10]  ; |AJ|Z[4][10]     ; regout           ;
; |AJ|Z[4][11]  ; |AJ|Z[4][11]     ; regout           ;
; |AJ|Z[4][15]  ; |AJ|Z[4][15]     ; regout           ;
; |AJ|Z[3][3]   ; |AJ|Z[3][3]      ; regout           ;
; |AJ|Z[3][8]   ; |AJ|Z[3][8]      ; regout           ;
; |AJ|Z[3][10]  ; |AJ|Z[3][10]     ; regout           ;
; |AJ|Z[3][11]  ; |AJ|Z[3][11]     ; regout           ;
; |AJ|Z[2][3]   ; |AJ|Z[2][3]      ; regout           ;
; |AJ|Z[2][5]   ; |AJ|Z[2][5]      ; regout           ;
; |AJ|Z[2][7]   ; |AJ|Z[2][7]      ; regout           ;
; |AJ|Z[2][8]   ; |AJ|Z[2][8]      ; regout           ;
; |AJ|Z[2][10]  ; |AJ|Z[2][10]     ; regout           ;
; |AJ|Z[2][11]  ; |AJ|Z[2][11]     ; regout           ;
; |AJ|Z[2][12]  ; |AJ|Z[2][12]     ; regout           ;
; |AJ|Z[1][1]   ; |AJ|Z[1][1]      ; regout           ;
; |AJ|Z[1][2]   ; |AJ|Z[1][2]      ; regout           ;
; |AJ|Z[1][4]   ; |AJ|Z[1][4]      ; regout           ;
; |AJ|Z[1][5]   ; |AJ|Z[1][5]      ; regout           ;
; |AJ|Z[1][6]   ; |AJ|Z[1][6]      ; regout           ;
; |AJ|Z[1][9]   ; |AJ|Z[1][9]      ; regout           ;
; |AJ|Z[1][12]  ; |AJ|Z[1][12]     ; regout           ;
; |AJ|Z[1][13]  ; |AJ|Z[1][13]     ; regout           ;
; |AJ|Y[1][15]  ; |AJ|Y[1][15]     ; regout           ;
; |AJ|angle[0]  ; |AJ|angle[0]     ; out              ;
; |AJ|angle[1]  ; |AJ|angle[1]     ; out              ;
; |AJ|angle[2]  ; |AJ|angle[2]     ; out              ;
; |AJ|angle[3]  ; |AJ|angle[3]     ; out              ;
; |AJ|angle[4]  ; |AJ|angle[4]     ; out              ;
; |AJ|angle[5]  ; |AJ|angle[5]     ; out              ;
; |AJ|angle[6]  ; |AJ|angle[6]     ; out              ;
; |AJ|angle[7]  ; |AJ|angle[7]     ; out              ;
; |AJ|angle[8]  ; |AJ|angle[8]     ; out              ;
; |AJ|angle[9]  ; |AJ|angle[9]     ; out              ;
; |AJ|angle[10] ; |AJ|angle[10]    ; out              ;
; |AJ|angle[11] ; |AJ|angle[11]    ; out              ;
; |AJ|angle[12] ; |AJ|angle[12]    ; out              ;
; |AJ|angle[13] ; |AJ|angle[13]    ; out              ;
; |AJ|angle[14] ; |AJ|angle[14]    ; out              ;
; |AJ|angle[15] ; |AJ|angle[15]    ; out              ;
; |AJ|Xin[0]    ; |AJ|Xin[0]       ; out              ;
; |AJ|Xin[1]    ; |AJ|Xin[1]       ; out              ;
; |AJ|Xin[2]    ; |AJ|Xin[2]       ; out              ;
; |AJ|Xin[3]    ; |AJ|Xin[3]       ; out              ;
; |AJ|Xin[4]    ; |AJ|Xin[4]       ; out              ;
; |AJ|Xin[5]    ; |AJ|Xin[5]       ; out              ;
; |AJ|Xin[6]    ; |AJ|Xin[6]       ; out              ;
; |AJ|Xin[7]    ; |AJ|Xin[7]       ; out              ;
; |AJ|Xin[8]    ; |AJ|Xin[8]       ; out              ;
; |AJ|Xin[9]    ; |AJ|Xin[9]       ; out              ;
; |AJ|Xin[10]   ; |AJ|Xin[10]      ; out              ;
; |AJ|Xin[11]   ; |AJ|Xin[11]      ; out              ;
; |AJ|Xin[12]   ; |AJ|Xin[12]      ; out              ;
; |AJ|Xin[13]   ; |AJ|Xin[13]      ; out              ;
; |AJ|Xin[14]   ; |AJ|Xin[14]      ; out              ;
; |AJ|Xin[15]   ; |AJ|Xin[15]      ; out              ;
; |AJ|Yin[0]    ; |AJ|Yin[0]       ; out              ;
; |AJ|Yin[1]    ; |AJ|Yin[1]       ; out              ;
; |AJ|Yin[2]    ; |AJ|Yin[2]       ; out              ;
; |AJ|Yin[3]    ; |AJ|Yin[3]       ; out              ;
; |AJ|Yin[4]    ; |AJ|Yin[4]       ; out              ;
; |AJ|Yin[5]    ; |AJ|Yin[5]       ; out              ;
; |AJ|Yin[6]    ; |AJ|Yin[6]       ; out              ;
; |AJ|Yin[7]    ; |AJ|Yin[7]       ; out              ;
; |AJ|Yin[8]    ; |AJ|Yin[8]       ; out              ;
; |AJ|Yin[9]    ; |AJ|Yin[9]       ; out              ;
; |AJ|Yin[10]   ; |AJ|Yin[10]      ; out              ;
; |AJ|Yin[11]   ; |AJ|Yin[11]      ; out              ;
; |AJ|Yin[12]   ; |AJ|Yin[12]      ; out              ;
; |AJ|Yin[13]   ; |AJ|Yin[13]      ; out              ;
; |AJ|Yin[14]   ; |AJ|Yin[14]      ; out              ;
; |AJ|Yin[15]   ; |AJ|Yin[15]      ; out              ;
; |AJ|Xout[0]   ; |AJ|Xout[0]      ; pin_out          ;
; |AJ|Xout[1]   ; |AJ|Xout[1]      ; pin_out          ;
; |AJ|Xout[2]   ; |AJ|Xout[2]      ; pin_out          ;
; |AJ|Xout[3]   ; |AJ|Xout[3]      ; pin_out          ;
; |AJ|Xout[4]   ; |AJ|Xout[4]      ; pin_out          ;
; |AJ|Xout[5]   ; |AJ|Xout[5]      ; pin_out          ;
; |AJ|Xout[6]   ; |AJ|Xout[6]      ; pin_out          ;
; |AJ|Xout[7]   ; |AJ|Xout[7]      ; pin_out          ;
; |AJ|Xout[8]   ; |AJ|Xout[8]      ; pin_out          ;
; |AJ|Xout[9]   ; |AJ|Xout[9]      ; pin_out          ;
; |AJ|Xout[10]  ; |AJ|Xout[10]     ; pin_out          ;
; |AJ|Xout[11]  ; |AJ|Xout[11]     ; pin_out          ;
; |AJ|Xout[12]  ; |AJ|Xout[12]     ; pin_out          ;
; |AJ|Xout[13]  ; |AJ|Xout[13]     ; pin_out          ;
; |AJ|Xout[14]  ; |AJ|Xout[14]     ; pin_out          ;
; |AJ|Xout[15]  ; |AJ|Xout[15]     ; pin_out          ;
; |AJ|Yout[0]   ; |AJ|Yout[0]      ; pin_out          ;
; |AJ|Yout[1]   ; |AJ|Yout[1]      ; pin_out          ;
; |AJ|Yout[2]   ; |AJ|Yout[2]      ; pin_out          ;
; |AJ|Yout[3]   ; |AJ|Yout[3]      ; pin_out          ;
; |AJ|Yout[4]   ; |AJ|Yout[4]      ; pin_out          ;
; |AJ|Yout[5]   ; |AJ|Yout[5]      ; pin_out          ;
; |AJ|Yout[6]   ; |AJ|Yout[6]      ; pin_out          ;
; |AJ|Yout[7]   ; |AJ|Yout[7]      ; pin_out          ;
; |AJ|Yout[8]   ; |AJ|Yout[8]      ; pin_out          ;
; |AJ|Yout[9]   ; |AJ|Yout[9]      ; pin_out          ;
; |AJ|Yout[10]  ; |AJ|Yout[10]     ; pin_out          ;
; |AJ|Yout[11]  ; |AJ|Yout[11]     ; pin_out          ;
; |AJ|Yout[12]  ; |AJ|Yout[12]     ; pin_out          ;
; |AJ|Yout[13]  ; |AJ|Yout[13]     ; pin_out          ;
; |AJ|Yout[14]  ; |AJ|Yout[14]     ; pin_out          ;
; |AJ|Yout[15]  ; |AJ|Yout[15]     ; pin_out          ;
; |AJ|Zout[15]  ; |AJ|Zout[15]     ; pin_out          ;
; |AJ|Add0~0    ; |AJ|Add0~0       ; out0             ;
; |AJ|Add0~1    ; |AJ|Add0~1       ; out0             ;
; |AJ|Add0~3    ; |AJ|Add0~3       ; out0             ;
; |AJ|Add0~4    ; |AJ|Add0~4       ; out0             ;
; |AJ|Add0~7    ; |AJ|Add0~7       ; out0             ;
; |AJ|Add0~8    ; |AJ|Add0~8       ; out0             ;
; |AJ|Add0~11   ; |AJ|Add0~11      ; out0             ;
; |AJ|Add0~12   ; |AJ|Add0~12      ; out0             ;
; |AJ|Add0~15   ; |AJ|Add0~15      ; out0             ;
; |AJ|Add0~16   ; |AJ|Add0~16      ; out0             ;
; |AJ|Add0~19   ; |AJ|Add0~19      ; out0             ;
; |AJ|Add0~20   ; |AJ|Add0~20      ; out0             ;
; |AJ|Add0~23   ; |AJ|Add0~23      ; out0             ;
; |AJ|Add0~24   ; |AJ|Add0~24      ; out0             ;
; |AJ|Add0~27   ; |AJ|Add0~27      ; out0             ;
; |AJ|Add0~28   ; |AJ|Add0~28      ; out0             ;
; |AJ|Add0~31   ; |AJ|Add0~31      ; out0             ;
; |AJ|Add0~32   ; |AJ|Add0~32      ; out0             ;
; |AJ|Add0~35   ; |AJ|Add0~35      ; out0             ;
; |AJ|Add0~36   ; |AJ|Add0~36      ; out0             ;
; |AJ|Add0~39   ; |AJ|Add0~39      ; out0             ;
; |AJ|Add0~40   ; |AJ|Add0~40      ; out0             ;
; |AJ|Add0~43   ; |AJ|Add0~43      ; out0             ;
; |AJ|Add0~44   ; |AJ|Add0~44      ; out0             ;
; |AJ|Add0~47   ; |AJ|Add0~47      ; out0             ;
; |AJ|Add0~48   ; |AJ|Add0~48      ; out0             ;
; |AJ|Add0~51   ; |AJ|Add0~51      ; out0             ;
; |AJ|Add0~52   ; |AJ|Add0~52      ; out0             ;
; |AJ|Add0~55   ; |AJ|Add0~55      ; out0             ;
; |AJ|Add0~56   ; |AJ|Add0~56      ; out0             ;
; |AJ|Add0~58   ; |AJ|Add0~58      ; out0             ;
; |AJ|Add1~0    ; |AJ|Add1~0       ; out0             ;
; |AJ|Add1~1    ; |AJ|Add1~1       ; out0             ;
; |AJ|Add1~2    ; |AJ|Add1~2       ; out0             ;
; |AJ|Add1~3    ; |AJ|Add1~3       ; out0             ;
; |AJ|Add1~4    ; |AJ|Add1~4       ; out0             ;
; |AJ|Add1~5    ; |AJ|Add1~5       ; out0             ;
; |AJ|Add1~7    ; |AJ|Add1~7       ; out0             ;
; |AJ|Add1~8    ; |AJ|Add1~8       ; out0             ;
; |AJ|Add1~9    ; |AJ|Add1~9       ; out0             ;
; |AJ|Add1~10   ; |AJ|Add1~10      ; out0             ;
; |AJ|Add1~11   ; |AJ|Add1~11      ; out0             ;
; |AJ|Add1~12   ; |AJ|Add1~12      ; out0             ;
; |AJ|Add1~13   ; |AJ|Add1~13      ; out0             ;
; |AJ|Add1~14   ; |AJ|Add1~14      ; out0             ;
; |AJ|Add1~15   ; |AJ|Add1~15      ; out0             ;
; |AJ|Add1~16   ; |AJ|Add1~16      ; out0             ;
; |AJ|Add1~17   ; |AJ|Add1~17      ; out0             ;
; |AJ|Add1~18   ; |AJ|Add1~18      ; out0             ;
; |AJ|Add1~19   ; |AJ|Add1~19      ; out0             ;
; |AJ|Add1~20   ; |AJ|Add1~20      ; out0             ;
; |AJ|Add1~21   ; |AJ|Add1~21      ; out0             ;
; |AJ|Add1~22   ; |AJ|Add1~22      ; out0             ;
; |AJ|Add1~24   ; |AJ|Add1~24      ; out0             ;
; |AJ|Add1~25   ; |AJ|Add1~25      ; out0             ;
; |AJ|Add1~27   ; |AJ|Add1~27      ; out0             ;
; |AJ|Add1~28   ; |AJ|Add1~28      ; out0             ;
; |AJ|Add3~0    ; |AJ|Add3~0       ; out0             ;
; |AJ|Add3~1    ; |AJ|Add3~1       ; out0             ;
; |AJ|Add3~2    ; |AJ|Add3~2       ; out0             ;
; |AJ|Add3~3    ; |AJ|Add3~3       ; out0             ;
; |AJ|Add3~4    ; |AJ|Add3~4       ; out0             ;
; |AJ|Add3~5    ; |AJ|Add3~5       ; out0             ;
; |AJ|Add3~6    ; |AJ|Add3~6       ; out0             ;
; |AJ|Add3~7    ; |AJ|Add3~7       ; out0             ;
; |AJ|Add3~8    ; |AJ|Add3~8       ; out0             ;
; |AJ|Add3~9    ; |AJ|Add3~9       ; out0             ;
; |AJ|Add3~10   ; |AJ|Add3~10      ; out0             ;
; |AJ|Add3~11   ; |AJ|Add3~11      ; out0             ;
; |AJ|Add3~12   ; |AJ|Add3~12      ; out0             ;
; |AJ|Add3~13   ; |AJ|Add3~13      ; out0             ;
; |AJ|Add3~14   ; |AJ|Add3~14      ; out0             ;
; |AJ|Add3~15   ; |AJ|Add3~15      ; out0             ;
; |AJ|Add3~16   ; |AJ|Add3~16      ; out0             ;
; |AJ|Add3~17   ; |AJ|Add3~17      ; out0             ;
; |AJ|Add3~18   ; |AJ|Add3~18      ; out0             ;
; |AJ|Add3~19   ; |AJ|Add3~19      ; out0             ;
; |AJ|Add3~20   ; |AJ|Add3~20      ; out0             ;
; |AJ|Add3~21   ; |AJ|Add3~21      ; out0             ;
; |AJ|Add3~22   ; |AJ|Add3~22      ; out0             ;
; |AJ|Add3~23   ; |AJ|Add3~23      ; out0             ;
; |AJ|Add3~24   ; |AJ|Add3~24      ; out0             ;
; |AJ|Add3~25   ; |AJ|Add3~25      ; out0             ;
; |AJ|Add3~26   ; |AJ|Add3~26      ; out0             ;
; |AJ|Add3~27   ; |AJ|Add3~27      ; out0             ;
; |AJ|Add3~28   ; |AJ|Add3~28      ; out0             ;
; |AJ|Add3~29   ; |AJ|Add3~29      ; out0             ;
; |AJ|Add3~30   ; |AJ|Add3~30      ; out0             ;
; |AJ|Add3~31   ; |AJ|Add3~31      ; out0             ;
; |AJ|Add3~32   ; |AJ|Add3~32      ; out0             ;
; |AJ|Add3~33   ; |AJ|Add3~33      ; out0             ;
; |AJ|Add3~34   ; |AJ|Add3~34      ; out0             ;
; |AJ|Add3~35   ; |AJ|Add3~35      ; out0             ;
; |AJ|Add3~36   ; |AJ|Add3~36      ; out0             ;
; |AJ|Add3~37   ; |AJ|Add3~37      ; out0             ;
; |AJ|Add3~38   ; |AJ|Add3~38      ; out0             ;
; |AJ|Add3~39   ; |AJ|Add3~39      ; out0             ;
; |AJ|Add3~40   ; |AJ|Add3~40      ; out0             ;
; |AJ|Add3~41   ; |AJ|Add3~41      ; out0             ;
; |AJ|Add3~42   ; |AJ|Add3~42      ; out0             ;
; |AJ|Add3~43   ; |AJ|Add3~43      ; out0             ;
; |AJ|Add3~44   ; |AJ|Add3~44      ; out0             ;
; |AJ|Add3~45   ; |AJ|Add3~45      ; out0             ;
; |AJ|Add3~46   ; |AJ|Add3~46      ; out0             ;
; |AJ|Add3~47   ; |AJ|Add3~47      ; out0             ;
; |AJ|Add3~48   ; |AJ|Add3~48      ; out0             ;
; |AJ|Add3~49   ; |AJ|Add3~49      ; out0             ;
; |AJ|Add3~50   ; |AJ|Add3~50      ; out0             ;
; |AJ|Add3~51   ; |AJ|Add3~51      ; out0             ;
; |AJ|Add3~52   ; |AJ|Add3~52      ; out0             ;
; |AJ|Add3~53   ; |AJ|Add3~53      ; out0             ;
; |AJ|Add3~54   ; |AJ|Add3~54      ; out0             ;
; |AJ|Add3~55   ; |AJ|Add3~55      ; out0             ;
; |AJ|Add3~56   ; |AJ|Add3~56      ; out0             ;
; |AJ|Add3~57   ; |AJ|Add3~57      ; out0             ;
; |AJ|Add4~1    ; |AJ|Add4~1       ; out0             ;
; |AJ|Add4~2    ; |AJ|Add4~2       ; out0             ;
; |AJ|Add4~4    ; |AJ|Add4~4       ; out0             ;
; |AJ|Add4~5    ; |AJ|Add4~5       ; out0             ;
; |AJ|Add4~7    ; |AJ|Add4~7       ; out0             ;
; |AJ|Add4~8    ; |AJ|Add4~8       ; out0             ;
; |AJ|Add4~10   ; |AJ|Add4~10      ; out0             ;
; |AJ|Add4~12   ; |AJ|Add4~12      ; out0             ;
; |AJ|Add4~13   ; |AJ|Add4~13      ; out0             ;
; |AJ|Add4~15   ; |AJ|Add4~15      ; out0             ;
; |AJ|Add4~16   ; |AJ|Add4~16      ; out0             ;
; |AJ|Add4~17   ; |AJ|Add4~17      ; out0             ;
; |AJ|Add4~18   ; |AJ|Add4~18      ; out0             ;
; |AJ|Add4~20   ; |AJ|Add4~20      ; out0             ;
; |AJ|Add4~21   ; |AJ|Add4~21      ; out0             ;
; |AJ|Add4~23   ; |AJ|Add4~23      ; out0             ;
; |AJ|Add4~24   ; |AJ|Add4~24      ; out0             ;
; |AJ|Add4~25   ; |AJ|Add4~25      ; out0             ;
; |AJ|Add4~26   ; |AJ|Add4~26      ; out0             ;
; |AJ|Add4~27   ; |AJ|Add4~27      ; out0             ;
; |AJ|Add4~28   ; |AJ|Add4~28      ; out0             ;
; |AJ|Add4~30   ; |AJ|Add4~30      ; out0             ;
; |AJ|Add4~31   ; |AJ|Add4~31      ; out0             ;
; |AJ|Add6~0    ; |AJ|Add6~0       ; out0             ;
; |AJ|Add6~1    ; |AJ|Add6~1       ; out0             ;
; |AJ|Add6~3    ; |AJ|Add6~3       ; out0             ;
; |AJ|Add6~4    ; |AJ|Add6~4       ; out0             ;
; |AJ|Add6~6    ; |AJ|Add6~6       ; out0             ;
; |AJ|Add6~8    ; |AJ|Add6~8       ; out0             ;
; |AJ|Add6~9    ; |AJ|Add6~9       ; out0             ;
; |AJ|Add6~11   ; |AJ|Add6~11      ; out0             ;
; |AJ|Add6~12   ; |AJ|Add6~12      ; out0             ;
; |AJ|Add6~13   ; |AJ|Add6~13      ; out0             ;
; |AJ|Add6~14   ; |AJ|Add6~14      ; out0             ;
; |AJ|Add6~17   ; |AJ|Add6~17      ; out0             ;
; |AJ|Add6~18   ; |AJ|Add6~18      ; out0             ;
; |AJ|Add6~25   ; |AJ|Add6~25      ; out0             ;
; |AJ|Add6~30   ; |AJ|Add6~30      ; out0             ;
; |AJ|Add6~33   ; |AJ|Add6~33      ; out0             ;
; |AJ|Add6~34   ; |AJ|Add6~34      ; out0             ;
; |AJ|Add6~35   ; |AJ|Add6~35      ; out0             ;
; |AJ|Add9~1    ; |AJ|Add9~1       ; out0             ;
; |AJ|Add9~2    ; |AJ|Add9~2       ; out0             ;
; |AJ|Add9~4    ; |AJ|Add9~4       ; out0             ;
; |AJ|Add9~6    ; |AJ|Add9~6       ; out0             ;
; |AJ|Add9~8    ; |AJ|Add9~8       ; out0             ;
; |AJ|Add9~9    ; |AJ|Add9~9       ; out0             ;
; |AJ|Add9~10   ; |AJ|Add9~10      ; out0             ;
; |AJ|Add9~11   ; |AJ|Add9~11      ; out0             ;
; |AJ|Add9~13   ; |AJ|Add9~13      ; out0             ;
; |AJ|Add9~14   ; |AJ|Add9~14      ; out0             ;
; |AJ|Add9~20   ; |AJ|Add9~20      ; out0             ;
; |AJ|Add9~21   ; |AJ|Add9~21      ; out0             ;
; |AJ|Add9~26   ; |AJ|Add9~26      ; out0             ;
; |AJ|Add9~27   ; |AJ|Add9~27      ; out0             ;
; |AJ|Add9~29   ; |AJ|Add9~29      ; out0             ;
; |AJ|Add9~30   ; |AJ|Add9~30      ; out0             ;
; |AJ|Add9~32   ; |AJ|Add9~32      ; out0             ;
; |AJ|Add9~33   ; |AJ|Add9~33      ; out0             ;
; |AJ|Add14~2   ; |AJ|Add14~2      ; out0             ;
; |AJ|Add14~6   ; |AJ|Add14~6      ; out0             ;
; |AJ|Add14~8   ; |AJ|Add14~8      ; out0             ;
; |AJ|Add14~11  ; |AJ|Add14~11     ; out0             ;
; |AJ|Add14~13  ; |AJ|Add14~13     ; out0             ;
; |AJ|Add14~14  ; |AJ|Add14~14     ; out0             ;
; |AJ|Add14~15  ; |AJ|Add14~15     ; out0             ;
; |AJ|Add14~17  ; |AJ|Add14~17     ; out0             ;
; |AJ|Add14~18  ; |AJ|Add14~18     ; out0             ;
; |AJ|Add14~19  ; |AJ|Add14~19     ; out0             ;
; |AJ|Add14~20  ; |AJ|Add14~20     ; out0             ;
; |AJ|Add14~21  ; |AJ|Add14~21     ; out0             ;
; |AJ|Add14~23  ; |AJ|Add14~23     ; out0             ;
; |AJ|Add14~24  ; |AJ|Add14~24     ; out0             ;
; |AJ|Add14~26  ; |AJ|Add14~26     ; out0             ;
; |AJ|Add14~29  ; |AJ|Add14~29     ; out0             ;
; |AJ|Add19~1   ; |AJ|Add19~1      ; out0             ;
; |AJ|Add19~3   ; |AJ|Add19~3      ; out0             ;
; |AJ|Add19~4   ; |AJ|Add19~4      ; out0             ;
; |AJ|Add19~6   ; |AJ|Add19~6      ; out0             ;
; |AJ|Add19~8   ; |AJ|Add19~8      ; out0             ;
; |AJ|Add19~10  ; |AJ|Add19~10     ; out0             ;
; |AJ|Add19~12  ; |AJ|Add19~12     ; out0             ;
; |AJ|Add19~13  ; |AJ|Add19~13     ; out0             ;
; |AJ|Add19~14  ; |AJ|Add19~14     ; out0             ;
; |AJ|Add19~16  ; |AJ|Add19~16     ; out0             ;
; |AJ|Add19~17  ; |AJ|Add19~17     ; out0             ;
; |AJ|Add19~18  ; |AJ|Add19~18     ; out0             ;
; |AJ|Add19~19  ; |AJ|Add19~19     ; out0             ;
; |AJ|Add19~20  ; |AJ|Add19~20     ; out0             ;
; |AJ|Add19~21  ; |AJ|Add19~21     ; out0             ;
; |AJ|Add19~24  ; |AJ|Add19~24     ; out0             ;
; |AJ|Add24~7   ; |AJ|Add24~7      ; out0             ;
; |AJ|Add24~8   ; |AJ|Add24~8      ; out0             ;
; |AJ|Add24~9   ; |AJ|Add24~9      ; out0             ;
; |AJ|Add24~11  ; |AJ|Add24~11     ; out0             ;
; |AJ|Add24~13  ; |AJ|Add24~13     ; out0             ;
; |AJ|Add24~14  ; |AJ|Add24~14     ; out0             ;
; |AJ|Add24~15  ; |AJ|Add24~15     ; out0             ;
; |AJ|Add24~17  ; |AJ|Add24~17     ; out0             ;
; |AJ|Add24~19  ; |AJ|Add24~19     ; out0             ;
; |AJ|Add24~20  ; |AJ|Add24~20     ; out0             ;
; |AJ|Add24~22  ; |AJ|Add24~22     ; out0             ;
; |AJ|Add24~23  ; |AJ|Add24~23     ; out0             ;
; |AJ|Add24~25  ; |AJ|Add24~25     ; out0             ;
; |AJ|Add24~28  ; |AJ|Add24~28     ; out0             ;
; |AJ|Add24~31  ; |AJ|Add24~31     ; out0             ;
; |AJ|Add24~33  ; |AJ|Add24~33     ; out0             ;
; |AJ|Add29~4   ; |AJ|Add29~4      ; out0             ;
; |AJ|Add29~7   ; |AJ|Add29~7      ; out0             ;
; |AJ|Add29~10  ; |AJ|Add29~10     ; out0             ;
; |AJ|Add29~13  ; |AJ|Add29~13     ; out0             ;
; |AJ|Add29~15  ; |AJ|Add29~15     ; out0             ;
; |AJ|Add34~2   ; |AJ|Add34~2      ; out0             ;
; |AJ|Add34~4   ; |AJ|Add34~4      ; out0             ;
; |AJ|Add34~7   ; |AJ|Add34~7      ; out0             ;
; |AJ|Add34~10  ; |AJ|Add34~10     ; out0             ;
; |AJ|Add34~13  ; |AJ|Add34~13     ; out0             ;
; |AJ|Add34~16  ; |AJ|Add34~16     ; out0             ;
; |AJ|Add34~18  ; |AJ|Add34~18     ; out0             ;
; |AJ|Add39~1   ; |AJ|Add39~1      ; out0             ;
; |AJ|Add39~4   ; |AJ|Add39~4      ; out0             ;
; |AJ|Add39~7   ; |AJ|Add39~7      ; out0             ;
; |AJ|Add39~10  ; |AJ|Add39~10     ; out0             ;
; |AJ|Add39~13  ; |AJ|Add39~13     ; out0             ;
; |AJ|Add39~16  ; |AJ|Add39~16     ; out0             ;
; |AJ|Add39~19  ; |AJ|Add39~19     ; out0             ;
; |AJ|Add39~21  ; |AJ|Add39~21     ; out0             ;
; |AJ|Add44~4   ; |AJ|Add44~4      ; out0             ;
; |AJ|Add44~7   ; |AJ|Add44~7      ; out0             ;
; |AJ|Add44~10  ; |AJ|Add44~10     ; out0             ;
; |AJ|Add44~13  ; |AJ|Add44~13     ; out0             ;
; |AJ|Add44~16  ; |AJ|Add44~16     ; out0             ;
; |AJ|Add44~19  ; |AJ|Add44~19     ; out0             ;
; |AJ|Add44~22  ; |AJ|Add44~22     ; out0             ;
; |AJ|Add44~24  ; |AJ|Add44~24     ; out0             ;
; |AJ|Add49~4   ; |AJ|Add49~4      ; out0             ;
; |AJ|Add49~7   ; |AJ|Add49~7      ; out0             ;
; |AJ|Add49~10  ; |AJ|Add49~10     ; out0             ;
; |AJ|Add49~13  ; |AJ|Add49~13     ; out0             ;
; |AJ|Add49~16  ; |AJ|Add49~16     ; out0             ;
; |AJ|Add49~19  ; |AJ|Add49~19     ; out0             ;
; |AJ|Add49~22  ; |AJ|Add49~22     ; out0             ;
; |AJ|Add49~25  ; |AJ|Add49~25     ; out0             ;
; |AJ|Add49~27  ; |AJ|Add49~27     ; out0             ;
; |AJ|Add54~10  ; |AJ|Add54~10     ; out0             ;
; |AJ|Add54~13  ; |AJ|Add54~13     ; out0             ;
; |AJ|Add54~16  ; |AJ|Add54~16     ; out0             ;
; |AJ|Add54~19  ; |AJ|Add54~19     ; out0             ;
; |AJ|Add54~22  ; |AJ|Add54~22     ; out0             ;
; |AJ|Add54~25  ; |AJ|Add54~25     ; out0             ;
; |AJ|Add54~28  ; |AJ|Add54~28     ; out0             ;
; |AJ|Add54~30  ; |AJ|Add54~30     ; out0             ;
+---------------+------------------+------------------+


+---------------------+
; Simulator INI Usage ;
+--------+------------+
; Option ; Usage      ;
+--------+------------+


+--------------------+
; Simulator Messages ;
+--------------------+
Info: *******************************************************************
Info: Running Quartus II 64-Bit Simulator
    Info: Version 13.0.0 Build 156 04/24/2013 SJ Web Edition
    Info: Processing started: Thu Jan 30 17:48:14 2014
Info: Command: quartus_sim --simulation_results_format=VWF AJ -c AJ
Info (324025): Using vector source file "C:/altera/13.0/AJ/Sim3001-Ultimas2.vwf"
Info (310003): Option to preserve fewer signal transitions to reduce memory requirements is enabled
    Info (310004): Simulation has been partitioned into sub-simulations according to the maximum transition count determined by the engine. Transitions from memory will be flushed out to disk at the end of each sub-simulation to reduce memory requirements.
Info (310002): Simulation partitioned into 1 sub-simulations
Info (328053): Simulation coverage is      38.41 %
Info (328052): Number of transitions in simulation is 1310
Info (324045): Vector file AJ.sim.vwf is saved in VWF text format. You can compress it into CVWF format in order to reduce file size. For more details please refer to the Quartus II Help.
Info: Quartus II 64-Bit Simulator was successful. 0 errors, 0 warnings
    Info: Peak virtual memory: 315 megabytes
    Info: Processing ended: Thu Jan 30 17:48:18 2014
    Info: Elapsed time: 00:00:04
    Info: Total CPU time (on all processors): 00:00:03


